~/devstack/requirements ~/devstack ~/workspace/workspace/cinder_for_zte_usp_dirver/ciscripts_for_b100
From https://opendev.org/openstack/requirements
 * branch              master     -> FETCH_HEAD
HEAD is now at 9edc0428 Merge "update constraint for os_vif to new release 5.2.1"
Checkout requirements master success 9edc0428 Merge "update constraint for os_vif to new release 5.2.1"

~/devstack ~/workspace/workspace/cinder_for_zte_usp_dirver/ciscripts_for_b100
~/devstack/nova ~/devstack ~/workspace/workspace/cinder_for_zte_usp_dirver/ciscripts_for_b100
From https://opendev.org/openstack/nova
 * branch                  master     -> FETCH_HEAD
HEAD is now at 1dc44b5988 Only load same-host instances when checking share usage
Checkout nova master success 1dc44b5988 Only load same-host instances when checking share usage

~/devstack ~/workspace/workspace/cinder_for_zte_usp_dirver/ciscripts_for_b100
~/devstack/cinder ~/devstack ~/workspace/workspace/cinder_for_zte_usp_dirver/ciscripts_for_b100
From https://opendev.org/openstack/cinder
 * branch                master     -> FETCH_HEAD
HEAD is now at a4767351c Merge "[Hitachi] Update version for Hibiscus release / small doc updates"
Checkout cinder master success a4767351c Merge "[Hitachi] Update version for Hibiscus release / small doc updates"

~/devstack ~/workspace/workspace/cinder_for_zte_usp_dirver/ciscripts_for_b100
~/devstack/glance ~/devstack ~/workspace/workspace/cinder_for_zte_usp_dirver/ciscripts_for_b100
From https://opendev.org/openstack/glance
 * branch                master     -> FETCH_HEAD
HEAD is now at d1c3ffc71 Merge "Block restricted hosts when adding HTTP image locations"
Checkout glance master success d1c3ffc71 Merge "Block restricted hosts when adding HTTP image locations"

~/devstack ~/workspace/workspace/cinder_for_zte_usp_dirver/ciscripts_for_b100
~/devstack/os-brick ~/devstack ~/workspace/workspace/cinder_for_zte_usp_dirver/ciscripts_for_b100
From https://opendev.org/openstack/os-brick
 * branch            master     -> FETCH_HEAD
HEAD is now at 44c0199 Update master for stable/2026.2
Checkout os-brick master success 44c0199 Update master for stable/2026.2

~/devstack ~/workspace/workspace/cinder_for_zte_usp_dirver/ciscripts_for_b100
~/devstack/keystone ~/devstack ~/workspace/workspace/cinder_for_zte_usp_dirver/ciscripts_for_b100
From https://opendev.org/openstack/keystone
 * branch                master     -> FETCH_HEAD
HEAD is now at 5f1d13f38 Merge "Use a %% to escape the % sign"
Checkout keystone master success 5f1d13f38 Merge "Use a %% to escape the % sign"

~/devstack ~/workspace/workspace/cinder_for_zte_usp_dirver/ciscripts_for_b100
~/devstack/neutron ~/devstack ~/workspace/workspace/cinder_for_zte_usp_dirver/ciscripts_for_b100
From https://opendev.org/openstack/neutron
 * branch                  master     -> FETCH_HEAD
HEAD is now at b593ae0a66 Merge "Add upstream EVPN multinode Zuul job"
Checkout neutron master success b593ae0a66 Merge "Add upstream EVPN multinode Zuul job"

~/devstack ~/workspace/workspace/cinder_for_zte_usp_dirver/ciscripts_for_b100
~/devstack/horizon ~/devstack ~/workspace/workspace/cinder_for_zte_usp_dirver/ciscripts_for_b100
From https://opendev.org/openstack/horizon
 * branch                master     -> FETCH_HEAD
HEAD is now at df18361ca Merge "Build flavor test data with openstacksdk"
Checkout horizon master success df18361ca Merge "Build flavor test data with openstacksdk"

~/devstack ~/workspace/workspace/cinder_for_zte_usp_dirver/ciscripts_for_b100
~/devstack/tempest ~/devstack ~/workspace/workspace/cinder_for_zte_usp_dirver/ciscripts_for_b100
From https://opendev.org/openstack/tempest
 * branch                master     -> FETCH_HEAD
HEAD is now at 6d858a41e Merge "Don't send immutable fields when updating a credential"
Checkout tempest master success 6d858a41e Merge "Don't send immutable fields when updating a credential"

~/devstack ~/workspace/workspace/cinder_for_zte_usp_dirver/ciscripts_for_b100
